// Jest Snapshot v1, https://goo.gl/fbAQLP

exports[`renders Credit main page 1`] = `
<DocumentFragment>
  <div
    class="fe-wallet__panel"
  >
    Panel
  </div>
</DocumentFragment>
`;
