// Jest Snapshot v1, https://goo.gl/fbAQLP

exports[`renders Exchange main page 1`] = `
<DocumentFragment>
  <header
    class="fe-wallet__not-found"
  >
    Page Not Found
  </header>
</DocumentFragment>
`;
