// Jest Snapshot v1, https://goo.gl/fbAQLP

exports[`renders BalanceDetail with balances 1`] = `
<DocumentFragment>
  <div
    class="fe-wallet__balance-detail"
  >
    <div
      class="fe-wallet__balance-detail__card"
    >
      <div
        class="fe-wallet__balance-detail__card__header"
      >
        <span
          class="fe-wallet__balance-detail__card__header__title"
        >
          Cuenta Pesos
        </span>
        <button
          class="fe-wallet__balance-detail__card__header__buy"
        >
          Comprar
          <svg
            class="icon"
            height="15"
            viewBox="0 0 16 15"
            width="16"
            xmlns="http://www.w3.org/2000/svg"
          >
            <path
              clip-rule="evenodd"
              d="M8.2 2C8.86274 2 9.4 2.53726 9.4 3.2C9.4 3.86274 8.86274 4.4 8.2 4.4C7.53726 4.4 7 3.86274 7 3.2C7 2.53726 7.53726 2 8.2 2ZM9.4 8C9.4 7.33726 8.86274 6.8 8.2 6.8C7.53726 6.8 7 7.33726 7 8C7 8.66274 7.53726 9.2 8.2 9.2C8.86274 9.2 9.4 8.66274 9.4 8ZM9.4 12.8C9.4 12.1373 8.86274 11.6 8.2 11.6C7.53726 11.6 7 12.1373 7 12.8C7 13.4627 7.53726 14 8.2 14C8.86274 14 9.4 13.4627 9.4 12.8Z"
              fill-rule="evenodd"
            />
          </svg>
        </button>
      </div>
      <div
        class="fe-wallet__balance-detail__card__info"
      >
        <img
          alt="Pesos"
          src="https://cmswagtail.s3.sa-east-1.amazonaws.com/crypto-assets/SVG/ARS.svg"
        />
        <span
          class="fe-wallet__balance-detail__card__info__values"
        >
          98000 $
        </span>
      </div>
      <div
        class="fe-wallet__balance-detail__card__current-currency"
      >
        <span>
          ≈ 0.00 undefined
        </span>
      </div>
    </div>
    <div
      class="fe-wallet__balance-detail__card"
    >
      <div
        class="fe-wallet__balance-detail__card__header"
      >
        <span
          class="fe-wallet__balance-detail__card__header__title"
        >
          Cuenta Bitcoin
        </span>
        <button
          class="fe-wallet__balance-detail__card__header__buy"
        >
          Comprar
          <svg
            class="icon"
            height="15"
            viewBox="0 0 16 15"
            width="16"
            xmlns="http://www.w3.org/2000/svg"
          >
            <path
              clip-rule="evenodd"
              d="M8.2 2C8.86274 2 9.4 2.53726 9.4 3.2C9.4 3.86274 8.86274 4.4 8.2 4.4C7.53726 4.4 7 3.86274 7 3.2C7 2.53726 7.53726 2 8.2 2ZM9.4 8C9.4 7.33726 8.86274 6.8 8.2 6.8C7.53726 6.8 7 7.33726 7 8C7 8.66274 7.53726 9.2 8.2 9.2C8.86274 9.2 9.4 8.66274 9.4 8ZM9.4 12.8C9.4 12.1373 8.86274 11.6 8.2 11.6C7.53726 11.6 7 12.1373 7 12.8C7 13.4627 7.53726 14 8.2 14C8.86274 14 9.4 13.4627 9.4 12.8Z"
              fill-rule="evenodd"
            />
          </svg>
        </button>
      </div>
      <div
        class="fe-wallet__balance-detail__card__info"
      >
        <img
          alt="Bitcoin"
          src="https://cmswagtail.s3.sa-east-1.amazonaws.com/crypto-assets/SVG/BTC.svg"
        />
        <span
          class="fe-wallet__balance-detail__card__info__values"
        >
          0.00948 BTC
        </span>
      </div>
      <div
        class="fe-wallet__balance-detail__card__current-currency"
      >
        <span>
          ≈ 0.00 undefined
        </span>
      </div>
    </div>
    <div
      class="fe-wallet__balance-detail__card"
    >
      <div
        class="fe-wallet__balance-detail__card__header"
      >
        <span
          class="fe-wallet__balance-detail__card__header__title"
        >
          Cuenta Ethereum
        </span>
        <button
          class="fe-wallet__balance-detail__card__header__buy"
        >
          Comprar
          <svg
            class="icon"
            height="15"
            viewBox="0 0 16 15"
            width="16"
            xmlns="http://www.w3.org/2000/svg"
          >
            <path
              clip-rule="evenodd"
              d="M8.2 2C8.86274 2 9.4 2.53726 9.4 3.2C9.4 3.86274 8.86274 4.4 8.2 4.4C7.53726 4.4 7 3.86274 7 3.2C7 2.53726 7.53726 2 8.2 2ZM9.4 8C9.4 7.33726 8.86274 6.8 8.2 6.8C7.53726 6.8 7 7.33726 7 8C7 8.66274 7.53726 9.2 8.2 9.2C8.86274 9.2 9.4 8.66274 9.4 8ZM9.4 12.8C9.4 12.1373 8.86274 11.6 8.2 11.6C7.53726 11.6 7 12.1373 7 12.8C7 13.4627 7.53726 14 8.2 14C8.86274 14 9.4 13.4627 9.4 12.8Z"
              fill-rule="evenodd"
            />
          </svg>
        </button>
      </div>
      <div
        class="fe-wallet__balance-detail__card__info"
      >
        <img
          alt="Ethereum"
          src="https://cmswagtail.s3.sa-east-1.amazonaws.com/crypto-assets/SVG/ETH.svg"
        />
        <span
          class="fe-wallet__balance-detail__card__info__values"
        >
          1.23456 ETH
        </span>
      </div>
      <div
        class="fe-wallet__balance-detail__card__current-currency"
      >
        <span>
          ≈ 0.00 undefined
        </span>
      </div>
    </div>
    <div
      class="fe-wallet__balance-detail__card"
    >
      <div
        class="fe-wallet__balance-detail__card__header"
      >
        <span
          class="fe-wallet__balance-detail__card__header__title"
        >
          Cuenta Litecoin
        </span>
        <button
          class="fe-wallet__balance-detail__card__header__buy"
        >
          Comprar
          <svg
            class="icon"
            height="15"
            viewBox="0 0 16 15"
            width="16"
            xmlns="http://www.w3.org/2000/svg"
          >
            <path
              clip-rule="evenodd"
              d="M8.2 2C8.86274 2 9.4 2.53726 9.4 3.2C9.4 3.86274 8.86274 4.4 8.2 4.4C7.53726 4.4 7 3.86274 7 3.2C7 2.53726 7.53726 2 8.2 2ZM9.4 8C9.4 7.33726 8.86274 6.8 8.2 6.8C7.53726 6.8 7 7.33726 7 8C7 8.66274 7.53726 9.2 8.2 9.2C8.86274 9.2 9.4 8.66274 9.4 8ZM9.4 12.8C9.4 12.1373 8.86274 11.6 8.2 11.6C7.53726 11.6 7 12.1373 7 12.8C7 13.4627 7.53726 14 8.2 14C8.86274 14 9.4 13.4627 9.4 12.8Z"
              fill-rule="evenodd"
            />
          </svg>
        </button>
      </div>
      <div
        class="fe-wallet__balance-detail__card__info"
      >
        <img
          alt="Litecoin"
          src="https://cmswagtail.s3.sa-east-1.amazonaws.com/crypto-assets/SVG/LTC.svg"
        />
        <span
          class="fe-wallet__balance-detail__card__info__values"
        >
          1.23456 LTC
        </span>
      </div>
      <div
        class="fe-wallet__balance-detail__card__current-currency"
      >
        <span>
          ≈ 0.00 undefined
        </span>
      </div>
    </div>
  </div>
</DocumentFragment>
`;
