// Jest Snapshot v1, https://goo.gl/fbAQLP

exports[`renders MaintenancePage with name 1`] = `
<DocumentFragment>
  <div
    class="fe-wallet__maintenance-page"
  >
    <h1>
      maintenance.title
    </h1>
    <h3>
      maintenance.subtitle.beginningmaintenance.subtitle.ending
    </h3>
  </div>
</DocumentFragment>
`;

exports[`renders MaintenancePage with name 2`] = `
<DocumentFragment>
  <div
    class="fe-wallet__maintenance-page"
  >
    <h1>
      maintenance.title
    </h1>
    <h3>
      maintenance.subtitle.beginningmaintenance.subtitle.ending
    </h3>
  </div>
</DocumentFragment>
`;
