// Jest Snapshot v1, https://goo.gl/fbAQLP

exports[`renders Exchange main page 1`] = `
<DocumentFragment>
  <div
    class="fe-wallet__exchange"
  >
    Exchange
  </div>
</DocumentFragment>
`;
