// Jest Snapshot v1, https://goo.gl/fbAQLP

exports[`renders NavItem main page 1`] = `
<DocumentFragment>
  <li
    class="fe-wallet__content__navigation__list__item"
  >
    <a
      class="fe-wallet__content__navigation__list__item__link false"
      href="/fe-wallet"
    >
      <div
        class="fe-wallet__content__navigation__list__item__link__content"
      >
        <svg
          class="icon"
          height="16"
          viewBox="0 0 15 16"
          width="15"
          xmlns="http://www.w3.org/2000/svg"
        >
          <path
            clip-rule="evenodd"
            d="M0.471477 7.5952H1.88308V13.7121C1.88308 13.972 2.09374 14.1827 2.35361 14.1827H5.1768C5.43667 14.1827 5.64734 13.972 5.64734 13.7121V9.7126C5.64734 9.06293 6.174 8.53627 6.82367 8.53627C7.47334 8.53627 8 9.06293 8 9.7126V13.7121C8 13.972 8.21066 14.1827 8.47053 14.1827H13.6464C13.9063 14.1827 14.1169 13.972 14.1169 13.7121V7.5952H15.5285C15.963 7.5952 16.1653 7.05666 15.8384 6.77056L8.30985 0.183102C8.13245 0.027874 7.86756 0.027874 7.69015 0.183102L0.161629 6.77056C-0.165345 7.05666 0.0370036 7.5952 0.471477 7.5952ZM8.00007 1.16244L14.2763 6.65413H13.6465C13.3866 6.65413 13.1759 6.8648 13.1759 7.12467V13.2416H8.94113V9.7126C8.94113 8.54319 7.99314 7.5952 6.82374 7.5952C5.65433 7.5952 4.70634 8.54319 4.70634 9.7126V13.2416H2.82421V7.12467C2.82421 6.8648 2.61354 6.65413 2.35368 6.65413H1.72384L8.00007 1.16244Z"
            fill-rule="evenodd"
          />
        </svg>
        <span>
          Panel
        </span>
      </div>
    </a>
  </li>
</DocumentFragment>
`;
