// Jest Snapshot v1, https://goo.gl/fbAQLP

exports[`renders Launchpad main page 1`] = `
<DocumentFragment>
  <div
    class="fe-wallet__launchpad"
  >
    <div
      class="fe-wallet__maintenance-page"
    >
      <h1>
        Pagina en Mantenimiento
      </h1>
      <h3>
        Oops! Estamos trabajando en la pagina . Ingrese nuevamente a esta seccion m√°s tarde.
      </h3>
    </div>
  </div>
</DocumentFragment>
`;
